"BehaviorSpace results (NetLogo 6.4.0)","Table version 2.0"
"/home/users/heaysa/projects/vannier/agent_template_dev/netlogo/test/../ABM4CSL.nlogo"
"test1"
"04/22/2024 13:14:32:009 +1200"
"min-pxcor","max-pxcor","min-pycor","max-pycor"
"0","24","0","24"
"[run number]","exotic-forest-emissions","CC-weight","economy-rule","scrub-weight","crop-annual-emissions","scrub-carbon-stock-maximum","crop-annual-carbon-stock-maximum","native-forest-weight","extensive-pasture-weight","Industry-level","initial-landuse-source","world-size","extensive-pasture-carbon-stock-maximum","landuse-data-csv-filename","maximum-neighbour-distance","artificial-carbon-stock-maximum","water-carbon-stock-maximum","water-product-yield","artificial-emissions","crop-perennial-carbon-stock-maximum","map-color","extensive-pasture-product-value","economy-rule-weight","extensive-pasture-emissions","intensive-pasture-product-value","intensive-pasture-carbon-stock-rate","native-forest-product-yield","intensive-pasture-carbon-stock-maximum","native-forest-carbon-stock-rate","water-carbon-stock-rate","scrub-product-value","crop-perennial-product-yield","intensive-pasture-emissions","landuse-parameter-source","export-directory","Neighbourhood","Government-level","artificial-product-value","intensive-pasture-weight","crop-annual-product-value","emissions-rule-weight","native-forest-carbon-stock-maximum","scrub-emissions","extensive-pasture-product-yield","gis-raster-filename","BAU-weight","exotic-forest-carbon-stock-maximum","seed","water-emissions","crop-perennial-weight","intensive-pasture-product-yield","crop-annual-weight","emissions-rule","exotic-forest-product-value","scrub-product-yield","exotic-forest-carbon-stock-rate","exotic-forest-weight","number-of-landuse-networks","decision-interval","crop-perennial-carbon-stock-rate","map-label","Network","extensive-pasture-carbon-stock-rate","scrub-carbon-stock-rate","artificial-product-yield","crop-perennial-emissions","landuse-correlated-range","artificial-weight","artificial-carbon-stock-rate","crop-annual-product-yield","crop-perennial-product-value","water-weight","native-forest-emissions","water-product-value","industry-weight","crop-annual-carbon-stock-rate","years-to-run-before-stopping","gis-vector-filename","fixed-seed","Baseline","native-forest-product-value","exotic-forest-product-yield","[step]","total-value","total-emissions","diversity-index","contiguity-index","pollination-index","bird-suitability-index","total-livestock-yield","total-crop-yield","total-carbon-stock"
"1","0","34","true","6","95","100","0","5","23","true","random","25","0","test/landuse/example.csv","1.5","0","0","0","0","0","land use","0.3","1","150","1.1","0","0","0","8","0","0","3500","480","csv file","output","true","true","0","18","0","1","250","0","5500","test/gis/example_raster.grd","33","700","99","0","10","10000","10","true","0","0","25","20","2","10","0","land use age","true","0","3.5","300000","90","2","3","0","450","0","5","0","0","33","0","30","test/gis/example_vector.shp","true","true","0","4500","29","3547100","10570","1.3300379725430163","1914.6042558695551","0.6274509803921569","0","13","940","27610"
