"BehaviorSpace results (NetLogo 6.4.0)","Table version 2.0"
"/home/users/heaysa/projects/vannier/agent_template_dev/netlogo/test/../ABM4CSL.nlogo"
"test1"
"04/29/2024 23:44:46:352 +1200"
"min-pxcor","max-pxcor","min-pycor","max-pycor"
"0","24","0","24"
"[run number]","exotic-forest-emissions","CC-weight","scrub-weight","crop-annual-emissions","scrub-carbon-stock-maximum","crop-annual-carbon-stock-maximum","extensive-pasture-weight","native-forest-weight","Industry-level","initial-landuse-source","world-size","extensive-pasture-carbon-stock-maximum","landuse-data-csv-filename","maximum-neighbour-distance","neighbour-rule-weight","artificial-carbon-stock-maximum","water-product-yield","water-carbon-stock-maximum","artificial-emissions","map-color","crop-perennial-carbon-stock-maximum","extensive-pasture-product-value","economy-rule-weight","extensive-pasture-emissions","intensive-pasture-product-value","intensive-pasture-carbon-stock-rate","native-forest-carbon-stock-rate","intensive-pasture-carbon-stock-maximum","native-forest-product-yield","scrub-product-value","water-carbon-stock-rate","crop-perennial-product-yield","intensive-pasture-emissions","landuse-parameter-source","export-directory","Government-level","artificial-product-value","intensive-pasture-weight","crop-annual-product-value","emissions-rule-weight","native-forest-carbon-stock-maximum","scrub-emissions","extensive-pasture-product-yield","gis-raster-filename","BAU-weight","exotic-forest-carbon-stock-maximum","seed","water-emissions","crop-perennial-weight","intensive-pasture-product-yield","crop-annual-weight","exotic-forest-product-value","scrub-product-yield","exotic-forest-carbon-stock-rate","exotic-forest-weight","number-of-landuse-networks","decision-interval","crop-perennial-carbon-stock-rate","map-label","extensive-pasture-carbon-stock-rate","network-rule-weight","scrub-carbon-stock-rate","artificial-product-yield","crop-perennial-emissions","landuse-correlated-range","artificial-carbon-stock-rate","baseline-rule-weight","crop-annual-product-yield","water-weight","crop-perennial-product-value","artificial-weight","industry-weight","crop-annual-carbon-stock-rate","years-to-run-before-stopping","water-product-value","native-forest-emissions","gis-vector-filename","fixed-seed","native-forest-product-value","exotic-forest-product-yield","[step]","total-value","total-emissions","diversity-index","contiguity-index","pollinated-fraction","bird-suitable-fraction","total-livestock-yield","total-crop-yield","total-carbon-stock"
"2","0","34","6","95","100","0","23","5","true","random","25","0","test/landuse/example.csv","1.5","1","0","0","0","0","land use","0","5500","1","150","10000","0","8","0","0","0","0","20","480","preset: default","output","true","300000","18","450","1","250","0","0.3","test/gis/example_raster.grd","33","700","99","0","10","1.1","10","4500","0","25","20","2","10","0","land use age","0","1","3.5","1","90","2","0","1","10","5","3500","3","33","0","30","0","0","test/gis/example_vector.shp","true","0","1","29","21742500","47575","2.0010221506185406","1432.9747468305632","0.49375","0.4688","74.19999999999993","0","113433"
"1","0","34","6","95","100","0","23","5","true","random","25","0","test/landuse/example.csv","1.5","1","0","0","0","0","land use","0","5500","1","150","10000","0","8","0","0","0","0","20","480","preset: default","output","true","300000","18","450","1","250","0","0.3","test/gis/example_raster.grd","33","700","99","0","10","1.1","10","4500","0","25","20","2","10","0","land use age","0","1","3.5","1","90","2","0","1","10","5","3500","3","33","0","30","0","0","test/gis/example_vector.shp","true","0","1","29","21742500","47575","2.0010221506185406","1432.9747468305632","0.49375","0.4688","74.19999999999993","0","113433"
