"BehaviorSpace results (NetLogo 6.4.0)","Table version 2.0"
"/home/users/heaysa/projects/vannier/agent_template_dev/netlogo/test/../ABM4CSL.nlogo"
"test_run_2"
"05/01/2024 10:17:41:861 +1200"
"min-pxcor","max-pxcor","min-pycor","max-pycor"
"0","24","0","24"
"[run number]","fixed-seed","seed","exotic-forest-emissions","CC-weight","scrub-weight","crop-annual-emissions","scrub-carbon-stock-maximum","crop-annual-carbon-stock-maximum","extensive-pasture-weight","native-forest-weight","Industry-level","initial-landuse-source","world-size","extensive-pasture-carbon-stock-maximum","landuse-data-csv-filename","maximum-neighbour-distance","neighbour-rule-weight","artificial-carbon-stock-maximum","water-product-yield","water-carbon-stock-maximum","artificial-emissions","map-color","crop-perennial-carbon-stock-maximum","extensive-pasture-product-value","economy-rule-weight","extensive-pasture-emissions","intensive-pasture-product-value","intensive-pasture-carbon-stock-rate","native-forest-carbon-stock-rate","intensive-pasture-carbon-stock-maximum","native-forest-product-yield","scrub-product-value","water-carbon-stock-rate","crop-perennial-product-yield","intensive-pasture-emissions","landuse-parameter-source","export-directory","Government-level","artificial-product-value","intensive-pasture-weight","crop-annual-product-value","emissions-rule-weight","native-forest-carbon-stock-maximum","scrub-emissions","extensive-pasture-product-yield","gis-raster-filename","BAU-weight","exotic-forest-carbon-stock-maximum","water-emissions","crop-perennial-weight","intensive-pasture-product-yield","crop-annual-weight","exotic-forest-product-value","scrub-product-yield","exotic-forest-carbon-stock-rate","exotic-forest-weight","number-of-landuse-networks","decision-interval","crop-perennial-carbon-stock-rate","map-label","extensive-pasture-carbon-stock-rate","network-rule-weight","scrub-carbon-stock-rate","artificial-product-yield","crop-perennial-emissions","landuse-correlated-range","artificial-carbon-stock-rate","baseline-rule-weight","crop-annual-product-yield","water-weight","crop-perennial-product-value","artificial-weight","industry-weight","crop-annual-carbon-stock-rate","years-to-run-before-stopping","water-product-value","native-forest-emissions","gis-vector-filename","native-forest-product-value","exotic-forest-product-yield","[step]","total-value","total-emissions","diversity-index","contiguity-index","pollinated-fraction","bird-suitable-fraction","total-livestock-yield","total-crop-yield","total-carbon-stock","landuse-name","landuse-fraction"
"1","false","99","0","34","6","95","100","0","23","5","true","random","25","0","test/landuse/example.csv","1.5","1","0","0","0","0","land use","0","5500","1","150","10000","0","8","0","0","0","0","20","480","preset: default","output","true","300000","18","450","1","250","0","0.3","test/gis/example_raster.grd","33","700","0","10","1.1","10","4500","0","25","20","2","10","0","land use age","0","1","3.5","1","90","2","0","1","10","5","3500","3","33","0","30","0","0","test/gis/example_vector.shp","0","1","29","22253100","42880","1.990431924743047","1400.8326112068353","0.36496350364963503","0.4624","66.89999999999989","0","87536.5","[missing artificial water crop annual crop perennial scrub intensive pasture extensive pasture native forest exotic forest]","[0 0.112 0.0528 0.0416 0.1776 0.024 0.0496 0.152 0.1472 0.2432]"
"2","false","99","0","34","6","95","100","0","23","5","true","random","25","0","test/landuse/example.csv","1.5","1","0","0","0","0","land use","0","5500","1","150","10000","0","8","0","0","0","0","20","480","preset: default","output","true","300000","18","450","1","250","0","0.3","test/gis/example_raster.grd","33","700","0","10","1.1","10","4500","0","25","20","2","10","0","land use age","0","1","3.5","1","90","2","0","1","10","5","3500","3","33","0","30","0","0","test/gis/example_vector.shp","0","1","29","14199800","55785","1.950377914961871","1284.0041840820948","0.5269461077844312","0.4512","86.99999999999973","0","63599","[missing artificial water crop annual crop perennial scrub intensive pasture extensive pasture native forest exotic forest]","[0 0.0432 0.0336 0.0704 0.1968 0.032 0.056 0.2336 0.1168 0.2176]"
